// Jest Snapshot v1, https://goo.gl/fbAQLP

exports[`EventFormComponent should match snapshot 1`] = `
<div
  id="root1"
>
  <form
    class="ng-untouched ng-pristine ng-invalid"
    novalidate=""
  >
    <div
      class="flex flex-col"
    >
      <label
        for="title"
      >
        Title
        <span>
          *
        </span>
        :
      </label>
      <mat-form-field
        appearance="outline"
        class="mat-form-field mat-primary mat-form-field-type-mat-input mat-form-field-appearance-outline mat-form-field-can-float ng-untouched ng-pristine ng-invalid _mat-animation-noopable"
      >
        <div
          class="mat-form-field-wrapper"
        >
          <div
            class="mat-form-field-flex"
          >
            <div
              class="mat-form-field-outline"
            >
              <div
                class="mat-form-field-outline-start"
              />
              <div
                class="mat-form-field-outline-gap"
              />
              <div
                class="mat-form-field-outline-end"
              />
            </div>
            <div
              class="mat-form-field-outline mat-form-field-outline-thick"
            >
              <div
                class="mat-form-field-outline-start"
              />
              <div
                class="mat-form-field-outline-gap"
              />
              <div
                class="mat-form-field-outline-end"
              />
            </div>
            
            
            
            <div
              class="mat-form-field-infix"
            >
              <input
                aria-invalid="false"
                aria-required="false"
                class="mat-input-element mat-form-field-autofill-control ng-untouched ng-pristine ng-invalid cdk-text-field-autofill-monitored"
                data-placeholder="Meeting Title"
                formcontrolname="title"
                matinput=""
                name="title"
                placeholder="Meeting Title"
              />
              <span
                class="mat-form-field-label-wrapper"
              >
                
              </span>
            </div>
            
          </div>
          
          <div
            class="mat-form-field-subscript-wrapper"
          >
            
            <div
              class="mat-form-field-hint-wrapper ng-trigger ng-trigger-transitionMessages"
              style="opacity:1;transform:translateY(0%);0:opacity;1:transform;"
            >
              
              <div
                class="mat-form-field-hint-spacer"
              />
            </div>
            
          </div>
        </div>
      </mat-form-field>
    </div>
    <div
      class="flex flex-col"
    >
      <label
        for="date"
      >
        Date
        <span>
          *
        </span>
        :
      </label>
      <a-date-field
        class="ng-untouched ng-pristine ng-invalid"
        formcontrolname="date"
        name="date"
      />
    </div>
    <div
      class="flex space-x-2"
    >
      <div
        class="flex flex-col flex-1"
      >
        <label
          for="start-time"
        >
          Start Time
          <span>
            *
          </span>
          :
        </label>
        <a-time-field
          class="ng-untouched ng-pristine ng-valid"
          name="start-time"
        />
      </div>
      <div
        class="flex flex-col flex-1"
      >
        <label
          for="duration"
        >
          Duration
          <span>
            *
          </span>
          :
        </label>
        <a-duration-field
          class="ng-untouched ng-pristine ng-valid"
          formcontrolname="duration"
          name="duration"
        />
      </div>
    </div>
    <div
      class="flex flex-col flex-1"
    >
      <label
        for="organiser"
      >
        Host
        <span>
          *
        </span>
        :
      </label>
      <a-user-search-field
        class="ng-untouched ng-pristine ng-valid"
        formcontrolname="organiser"
        name="organiser"
      />
    </div>
    <div
      class="flex flex-col flex-1"
    >
      <label
        for="attendees"
      >
        Attendees
        <span>
          *
        </span>
        :
      </label>
      <a-user-list-field
        class="ng-untouched ng-pristine ng-valid"
        formcontrolname="attendees"
        name="attendees"
      />
    </div>
    <div
      class="flex flex-col flex-1"
    >
      <label
        for="space"
      >
        Space
        <span>
          *
        </span>
        :
      </label>
      <an-action-field
        name="space"
      >
        Select a space
      </an-action-field>
    </div>
  </form>
  
</div>
`;
