// Jest Snapshot v1, https://goo.gl/fbAQLP

exports[`ScheduleViewComponent should match snapshot 1`] = `
<div
  id="root1"
>
  <div
    topbar=""
  >
    <a
      button=""
      class="clear h-[2.75rem] text-white"
      mat-button=""
    >
      <div
        class="flex items-center justify-center h-full"
      >
        <app-icon
          class="text-xl"
        >
          arrow_back
        </app-icon>
        <span
          class="ml-2 mx-4"
        >
          Back
        </span>
      </div>
    </a>
  </div>
  <div
    class="flex-1 w-full flex flex-col items-center bg-gray-200 p-4 overflow-auto"
  >
    <div
      class="h-full w-full flex flex-col items-center justify-center space-y-2"
    >
      <mat-spinner
        class="mat-spinner mat-progress-spinner mat-primary mat-progress-spinner-indeterminate-animation _mat-animation-noopable"
        mode="indeterminate"
        role="progressbar"
        style="width: 32px; height: 32px;"
      >
        <svg
          aria-hidden="true"
          focusable="false"
          preserveAspectRatio="xMidYMid meet"
          style="width: 32px; height: 32px;"
          viewBox="0 0 25.2 25.2"
        >
          <circle
            cx="50%"
            cy="50%"
            r="11"
            style="animation-name: mat-progress-spinner-stroke-rotate-32; stroke-dasharray: 69.11503837897544px; stroke-width: 10%;"
          />
          
          
        </svg>
      </mat-spinner>
      <p>
        Loading event data...
      </p>
    </div>
    
  </div>
  
</div>
`;
