// Jest Snapshot v1, https://goo.gl/fbAQLP

exports[`LandingColleaguesComponent should match snapshot 1`] = `
<div
  id="root1"
>
  <div
    class="flex flex-col w-[18rem] h-full overflow-hidden bg-white border-r border-gray-200"
  >
    <div
      class="flex items-center justify-between px-4 py-2"
    >
      <h2
        class="font-medium"
      >
        Colleagues
      </h2>
      <button
        class="inverse"
        mat-button=""
      >
        Add
      </button>
    </div>
    <div
      class="flex-1 h-1/2 w-full space-y-4 overflow-auto pt-4"
    >
      
    </div>
  </div>
</div>
`;
