// Jest Snapshot v1, https://goo.gl/fbAQLP

exports[`DashboardComponent should match snapshot 1`] = `
<div
  id="root1"
>
  <topbar />
  <div
    class="flex-1 flex sm:flex-row flex-col-reverse h-1/2 bg-gray-200"
  >
    <nav-menu
      class="relative z-10"
    />
    <div
      class="relative z-0 flex flex-col flex-1 h-1/2 sm:h-auto overflow-hidden"
    >
      <main
        class="flex flex-1 px-0 sm:px-8 flex-wrap overflow-auto h-px sm:h-auto"
      >
        <a-dashboard-availability
          class="flex-1 min-w-64"
        />
        <a-dashboard-upcoming
          class="flex-1 min-w-64"
        />
        <a-dashboard-contacts
          class="flex-1 min-w-64"
        />
        
      </main>
    </div>
  </div>
</div>
`;
