// Jest Snapshot v1, https://goo.gl/fbAQLP

exports[`FlowSuccessComponent should match snapshot 1`] = `
<div
  id="root1"
>
  <div
    class="fixed inset-0 flex flex-col bg-secondary items-center justify-center z-50"
    name="success"
  >
    <div
      class="text-4xl rounded-full bg-white text-success mb-4"
    >
      <app-icon>
        done
      </app-icon>
    </div>
    <div
      class="text-center text-lg text-white mb-4"
    >
       Thank you, you space booking was successful!
      <br />
       An event has been added to your calendar 
    </div>
    <div
      class="flex items-center space-x-2"
    >
      <a
        button=""
        class="w-32"
        mat-button=""
      >
         New Booking 
      </a>
      <a
        button=""
        class="w-32"
        mat-button=""
      >
         My Day 
      </a>
    </div>
  </div>
</div>
`;
