// Jest Snapshot v1, https://goo.gl/fbAQLP

exports[`PointsAssetsComponent should match snapshot 1`] = `
<div
  id="root1"
>
  <custom-table
    class="w-full h-full"
    empty="No priced assets"
  />
  
  
  
  
  
</div>
`;
