// Jest Snapshot v1, https://goo.gl/fbAQLP

exports[`FooterMenuComponent should match snapshot 1`] = `
<div
  id="root1"
>
  <div
    class="flex items-center bg-white divide-x border-t border-solid border-gray-300 w-full"
  >
    <a
      class="flex-1 h-16 !rounded-none"
      mat-button=""
      routerlinkactive="!bg-primary !text-white"
    >
      <div
        class="flex flex-col items-center justify-center"
      >
        <app-icon
          class="text-2xl"
        >
          book
        </app-icon>
        <p
          class="m-0"
        >
          Book Desk
        </p>
      </div>
    </a>
    <a
      class="flex-1 h-16 !rounded-none"
      mat-button=""
      routerlinkactive="!bg-primary !text-white"
    >
      <div
        class="flex flex-col items-center justify-center"
      >
        <app-icon
          class="text-2xl"
        >
          place
        </app-icon>
        <p
          class="m-0"
        >
          Map
        </p>
      </div>
    </a>
  </div>
</div>
`;
