// Jest Snapshot v1, https://goo.gl/fbAQLP

exports[`FiltersComponent should match snapshot 1`] = `
<div
  id="root1"
>
  <header>
     Filters
  </header>
  
  <button
    mat-button=""
  >
    Apply
  </button>
</div>
`;
