// Jest Snapshot v1, https://goo.gl/fbAQLP

exports[`DetailBookSpaceFormComponent should match snapshot 1`] = `
<div
  id="root1"
>
  
</div>
`;

exports[`DetailBookSpaceFormComponent should match snapshot 2`] = `
<div
  id="root1"
>
  <form
    class="ng-untouched ng-pristine ng-valid"
    novalidate=""
  >
    
    <div
      class="flex flex-col sm:flex-row space-x-0 sm:space-x-2 w-[640px] max-w-[calc(100%-2rem)] mx-auto"
    >
      <div
        class="flex flex-col flex-1 w-full sm:w-1/4"
      >
        <label>
          Date
        </label>
        <a-date-field
          class="ng-untouched ng-pristine ng-valid"
          formcontrolname="date"
        >
           Date and time must be in the future 
        </a-date-field>
      </div>
      <div
        class="flex flex-col flex-1 w-full sm:w-1/4"
      >
        <label>
          Building
        </label>
        <mat-form-field
          appearance="outline"
          class="mat-form-field mat-primary mat-form-field-type-mat-select mat-form-field-appearance-outline mat-form-field-can-float ng-untouched ng-pristine ng-valid _mat-animation-noopable"
        >
          <div
            class="mat-form-field-wrapper"
          >
            <div
              class="mat-form-field-flex"
            >
              <div
                class="mat-form-field-outline"
              >
                <div
                  class="mat-form-field-outline-start"
                />
                <div
                  class="mat-form-field-outline-gap"
                />
                <div
                  class="mat-form-field-outline-end"
                />
              </div>
              <div
                class="mat-form-field-outline mat-form-field-outline-thick"
              >
                <div
                  class="mat-form-field-outline-start"
                />
                <div
                  class="mat-form-field-outline-gap"
                />
                <div
                  class="mat-form-field-outline-end"
                />
              </div>
              
              
              
              <div
                class="mat-form-field-infix"
              >
                <mat-select
                  aria-autocomplete="none"
                  aria-disabled="false"
                  aria-expanded="false"
                  aria-haspopup="true"
                  aria-invalid="false"
                  aria-required="false"
                  class="mat-select mat-select-empty ng-untouched ng-pristine ng-valid"
                  placeholder="Select building"
                  role="combobox"
                  tabindex="0"
                >
                  <div
                    cdk-overlay-origin=""
                    class="mat-select-trigger"
                  >
                    <div
                      class="mat-select-value"
                    >
                      <span
                        class="mat-select-placeholder mat-select-min-line"
                      >
                        Select building
                      </span>
                      
                      
                    </div>
                    <div
                      class="mat-select-arrow-wrapper"
                    >
                      <div
                        class="mat-select-arrow"
                      />
                    </div>
                  </div>
                  
                </mat-select>
                <span
                  class="mat-form-field-label-wrapper"
                >
                  
                </span>
              </div>
              
            </div>
            
            <div
              class="mat-form-field-subscript-wrapper"
            >
              
              <div
                class="mat-form-field-hint-wrapper ng-trigger ng-trigger-transitionMessages"
                style="opacity:1;transform:translateY(0%);0:opacity;1:transform;"
              >
                
                <div
                  class="mat-form-field-hint-spacer"
                />
              </div>
              
            </div>
          </div>
        </mat-form-field>
      </div>
      
      <div
        class="flex flex-col flex-1 w-full sm:w-1/4"
      >
        <label>
          Level
        </label>
        <mat-form-field
          appearance="outline"
          class="mat-form-field mat-primary mat-form-field-type-mat-select mat-form-field-appearance-outline mat-form-field-can-float mat-form-field-disabled ng-untouched ng-pristine ng-valid _mat-animation-noopable"
        >
          <div
            class="mat-form-field-wrapper"
          >
            <div
              class="mat-form-field-flex"
            >
              <div
                class="mat-form-field-outline"
              >
                <div
                  class="mat-form-field-outline-start"
                />
                <div
                  class="mat-form-field-outline-gap"
                />
                <div
                  class="mat-form-field-outline-end"
                />
              </div>
              <div
                class="mat-form-field-outline mat-form-field-outline-thick"
              >
                <div
                  class="mat-form-field-outline-start"
                />
                <div
                  class="mat-form-field-outline-gap"
                />
                <div
                  class="mat-form-field-outline-end"
                />
              </div>
              
              
              
              <div
                class="mat-form-field-infix"
              >
                <mat-select
                  aria-autocomplete="none"
                  aria-disabled="true"
                  aria-expanded="false"
                  aria-haspopup="true"
                  aria-invalid="false"
                  aria-required="false"
                  class="mat-select mat-select-disabled mat-select-empty ng-untouched ng-pristine ng-valid"
                  ngmodel=""
                  placeholder="Any Level"
                  role="combobox"
                  tabindex="-1"
                >
                  <div
                    cdk-overlay-origin=""
                    class="mat-select-trigger"
                  >
                    <div
                      class="mat-select-value"
                    >
                      <span
                        class="mat-select-placeholder mat-select-min-line"
                      >
                        Any Level
                      </span>
                      
                      
                    </div>
                    <div
                      class="mat-select-arrow-wrapper"
                    >
                      <div
                        class="mat-select-arrow"
                      />
                    </div>
                  </div>
                  
                </mat-select>
                <span
                  class="mat-form-field-label-wrapper"
                >
                  
                </span>
              </div>
              
            </div>
            
            <div
              class="mat-form-field-subscript-wrapper"
            >
              
              <div
                class="mat-form-field-hint-wrapper ng-trigger ng-trigger-transitionMessages"
                style="opacity:1;transform:translateY(0%);0:opacity;1:transform;"
              >
                
                <div
                  class="mat-form-field-hint-spacer"
                />
              </div>
              
            </div>
          </div>
        </mat-form-field>
      </div>
      
    </div>
    <div
      class="flex flex-col flex-1 w-[640px] max-w-[calc(100%-2rem)] mx-auto"
    >
      <label>
        Reason
      </label>
      <mat-form-field
        appearance="outline"
        class="mat-form-field w-full mat-primary mat-form-field-type-mat-input mat-form-field-appearance-outline mat-form-field-can-float ng-untouched ng-pristine ng-valid _mat-animation-noopable"
      >
        <div
          class="mat-form-field-wrapper"
        >
          <div
            class="mat-form-field-flex"
          >
            <div
              class="mat-form-field-outline"
            >
              <div
                class="mat-form-field-outline-start"
              />
              <div
                class="mat-form-field-outline-gap"
              />
              <div
                class="mat-form-field-outline-end"
              />
            </div>
            <div
              class="mat-form-field-outline mat-form-field-outline-thick"
            >
              <div
                class="mat-form-field-outline-start"
              />
              <div
                class="mat-form-field-outline-gap"
              />
              <div
                class="mat-form-field-outline-end"
              />
            </div>
            
            
            
            <div
              class="mat-form-field-infix"
            >
              <input
                aria-invalid="false"
                aria-required="false"
                class="mat-input-element mat-form-field-autofill-control ng-untouched ng-pristine ng-valid cdk-text-field-autofill-monitored"
                data-placeholder="Reason for booking..."
                formcontrolname="description"
                matinput=""
                placeholder="Reason for booking..."
              />
              <span
                class="mat-form-field-label-wrapper"
              >
                
              </span>
            </div>
            
          </div>
          
          <div
            class="mat-form-field-subscript-wrapper"
          >
            
            <div
              class="mat-form-field-hint-wrapper ng-trigger ng-trigger-transitionMessages"
              style="opacity:1;transform:translateY(0%);0:opacity;1:transform;"
            >
              
              <div
                class="mat-form-field-hint-spacer"
              />
            </div>
            
          </div>
        </div>
      </mat-form-field>
    </div>
    
    
    <div
      class="flex flex-col flex-1 w-[640px] max-w-[calc(100%-2rem)] mx-auto"
    >
      <label>
        Desk Features
      </label>
      <mat-form-field
        appearance="outline"
        class="mat-form-field w-full mat-primary mat-form-field-type-mat-select mat-form-field-appearance-outline mat-form-field-can-float ng-untouched ng-pristine ng-valid _mat-animation-noopable"
      >
        <div
          class="mat-form-field-wrapper"
        >
          <div
            class="mat-form-field-flex"
          >
            <div
              class="mat-form-field-outline"
            >
              <div
                class="mat-form-field-outline-start"
              />
              <div
                class="mat-form-field-outline-gap"
              />
              <div
                class="mat-form-field-outline-end"
              />
            </div>
            <div
              class="mat-form-field-outline mat-form-field-outline-thick"
            >
              <div
                class="mat-form-field-outline-start"
              />
              <div
                class="mat-form-field-outline-gap"
              />
              <div
                class="mat-form-field-outline-end"
              />
            </div>
            
            
            
            <div
              class="mat-form-field-infix"
            >
              <mat-select
                aria-autocomplete="none"
                aria-disabled="false"
                aria-expanded="false"
                aria-haspopup="true"
                aria-invalid="false"
                aria-required="false"
                class="mat-select mat-select-empty mat-select-multiple ng-untouched ng-pristine ng-valid"
                multiple=""
                placeholder="Any Feature"
                role="combobox"
                tabindex="0"
              >
                <div
                  cdk-overlay-origin=""
                  class="mat-select-trigger"
                >
                  <div
                    class="mat-select-value"
                  >
                    <span
                      class="mat-select-placeholder mat-select-min-line"
                    >
                      Any Feature
                    </span>
                    
                    
                  </div>
                  <div
                    class="mat-select-arrow-wrapper"
                  >
                    <div
                      class="mat-select-arrow"
                    />
                  </div>
                </div>
                
              </mat-select>
              <span
                class="mat-form-field-label-wrapper"
              >
                
              </span>
            </div>
            
          </div>
          
          <div
            class="mat-form-field-subscript-wrapper"
          >
            
            <div
              class="mat-form-field-hint-wrapper ng-trigger ng-trigger-transitionMessages"
              style="opacity:1;transform:translateY(0%);0:opacity;1:transform;"
            >
              
              <div
                class="mat-form-field-hint-spacer"
              />
            </div>
            
          </div>
        </div>
      </mat-form-field>
    </div>
    
  </form>
  
</div>
`;
