// Jest Snapshot v1, https://goo.gl/fbAQLP

exports[`CateringOrderItemComponent should match snapshot 1`] = `
<div
  id="root1"
>
  <div
    class="w-20 text-right"
  >
    <div
      class="bg-gray-300"
      name="item-bar"
    />
  </div>
  <div
    class="w-12 mr-4"
  >
    <button
      class="border border-gray-300 border-dashed text-2xl text-dark-fade"
      mat-icon-button=""
    >
      <app-icon>
        local_pizza
      </app-icon>
    </button>
  </div>
  <div
    class="flex-1 border-b border-gray-300 border-solid py-4"
  >
     Test 
  </div>
</div>
`;

exports[`CateringOrderItemComponent should match snapshot 2`] = `
<div
  id="root1"
>
  <div
    class="w-20 text-right"
  >
    <div
      class="bg-gray-300"
      name="item-bar"
    />
  </div>
  <div
    class="w-12 mr-4"
  >
    <button
      class="border border-gray-300 border-dashed text-2xl text-dark-fade"
      mat-icon-button=""
    >
      <app-icon>
        local_pizza
      </app-icon>
    </button>
  </div>
  <div
    class="flex-1 border-b border-gray-300 border-solid py-4"
  >
     Test 
  </div>
</div>
`;
