// Jest Snapshot v1, https://goo.gl/fbAQLP

exports[`StaffComponent should match snapshot 1`] = `
<div
  id="root1"
>
  <sidebar />
  <main
    class="relative overflow-hidden flex-1 flex flex-col"
  >
    <staff-topbar
      class="w-full"
    />
    <staff-listings
      class="w-full flex-1 h-0"
    />
    
  </main>
</div>
`;
