// Jest Snapshot v1, https://goo.gl/fbAQLP

exports[`CateringComponent should match snapshot 1`] = `
<div
  id="root1"
>
  <sidebar />
  <main
    class="relative w-full flex flex-col"
  >
    <catering-topbar
      class="relative z-10"
    />
    
    
    <div
      class="flex flex-1 items-center justify-center"
    >
      <a
        class="rounded flex flex-col items-center bg-white shadow text-black"
        matripple=""
      >
        <div
          class="relative w-full flex flex-1 items-center justify-center text-2xl text-white bg-center bg-cover"
          name="img"
          style="background-image: url(assets/menus.jpg);"
        >
          <div
            class="absolute inset-0 bg-black opacity-60 z-0"
          />
          <span
            class="z-10"
          >
            Menus and Pricing
          </span>
        </div>
        <div
          class="p-2 h-14 w-full text-sm text-center flex items-center justify-center"
        >
           View and Edit Menus and Pricing 
        </div>
      </a>
      <a
        class="rounded flex flex-col items-center bg-white shadow text-black"
        matripple=""
      >
        <div
          class="relative w-full flex flex-1 items-center justify-center text-2xl text-white bg-center bg-cover"
          name="img"
          style="background-image: url(assets/orders.jpg);"
        >
          <div
            class="absolute inset-0 bg-black opacity-60 z-0"
          />
          <span
            class="z-10"
          >
            Today's Orders
          </span>
        </div>
        <div
          class="p-2 h-14 w-full text-sm text-center flex items-center justify-center"
        >
           View Catering Orders and their statuses upon arrival 
        </div>
      </a>
    </div>
    
    
  </main>
</div>
`;
