// Jest Snapshot v1, https://goo.gl/fbAQLP

exports[`CheckinComponent should match snapshot 1`] = `
<div
  id="root1"
>
  <div
    class="bg-white rounded shadow overflow-hidden relative flex flex-col items-center my-4 p-4 mx-auto space-y-4"
  >
    <h3
      class="text-xl"
    >
      You are checked in!
    </h3>
    <p
      class="text-center"
    >
       Welcome, you have a meeting at  with .
      <br />
        has been notified and will be with you shortly.Â  
    </p>
    <p>
       Please wait in the lobby. 
    </p>
    
    
    <a
      button=""
      class="w-32"
      mat-button=""
    >
       Done 
    </a>
  </div>
  
</div>
`;
