// Jest Snapshot v1, https://goo.gl/fbAQLP

exports[`CheckinErrorComponent should match snapshot 1`] = `
<div
  id="root1"
>
  <div
    class="bg-white rounded shadow overflow-hidden relative flex flex-col items-center my-4 mx-auto p-4"
  >
    <h3
      class="text-2xl mb-4"
    >
      Please see reception.
    </h3>
    
    <p
      class="mb-4"
    >
      Our staff at reception will assist you.
    </p>
    <a
      button=""
      class="w-32"
      mat-button=""
    >
       Back 
    </a>
  </div>
</div>
`;
