// Jest Snapshot v1, https://goo.gl/fbAQLP

exports[`CheckinDetailsComponent should match snapshot 1`] = `
<div
  id="root1"
>
  <form
    class="bg-white rounded shadow overflow-hidden relative flex flex-col items-center my-4 mx-auto ng-untouched ng-pristine ng-invalid"
    novalidate=""
  >
    <h3
      class="text-2xl m-4"
    >
      Confirm Details
    </h3>
    <div
      class="flex flex-col"
      field=""
    >
      <label
        form="host"
      >
        Host
      </label>
      <mat-form-field
        appearance="outline"
        class="mat-form-field mat-primary mat-form-field-type-mat-input mat-form-field-appearance-outline mat-form-field-can-float ng-untouched ng-pristine ng-invalid _mat-animation-noopable"
      >
        <div
          class="mat-form-field-wrapper"
        >
          <div
            class="mat-form-field-flex"
          >
            <div
              class="mat-form-field-outline"
            >
              <div
                class="mat-form-field-outline-start"
              />
              <div
                class="mat-form-field-outline-gap"
              />
              <div
                class="mat-form-field-outline-end"
              />
            </div>
            <div
              class="mat-form-field-outline mat-form-field-outline-thick"
            >
              <div
                class="mat-form-field-outline-start"
              />
              <div
                class="mat-form-field-outline-gap"
              />
              <div
                class="mat-form-field-outline-end"
              />
            </div>
            
            
            
            <div
              class="mat-form-field-infix"
            >
              <input
                aria-invalid="false"
                aria-required="false"
                class="mat-input-element mat-form-field-autofill-control ng-untouched ng-pristine ng-invalid cdk-text-field-autofill-monitored"
                data-placeholder="Host's Email Address"
                formcontrolname="host"
                matinput=""
                name="host"
                placeholder="Host's Email Address"
              />
              <span
                class="mat-form-field-label-wrapper"
              >
                
              </span>
            </div>
            
          </div>
          
          <div
            class="mat-form-field-subscript-wrapper"
          >
            
            <div
              class="mat-form-field-hint-wrapper ng-trigger ng-trigger-transitionMessages"
              style="opacity:1;transform:translateY(0%);0:opacity;1:transform;"
            >
              
              <div
                class="mat-form-field-hint-spacer"
              />
            </div>
            
          </div>
        </div>
      </mat-form-field>
    </div>
    <div
      class="flex flex-col"
      field=""
    >
      <label
        form="name"
      >
        Name
      </label>
      <mat-form-field
        appearance="outline"
        class="mat-form-field mat-primary mat-form-field-type-mat-input mat-form-field-appearance-outline mat-form-field-can-float ng-untouched ng-pristine ng-valid _mat-animation-noopable"
      >
        <div
          class="mat-form-field-wrapper"
        >
          <div
            class="mat-form-field-flex"
          >
            <div
              class="mat-form-field-outline"
            >
              <div
                class="mat-form-field-outline-start"
              />
              <div
                class="mat-form-field-outline-gap"
              />
              <div
                class="mat-form-field-outline-end"
              />
            </div>
            <div
              class="mat-form-field-outline mat-form-field-outline-thick"
            >
              <div
                class="mat-form-field-outline-start"
              />
              <div
                class="mat-form-field-outline-gap"
              />
              <div
                class="mat-form-field-outline-end"
              />
            </div>
            
            
            
            <div
              class="mat-form-field-infix"
            >
              <input
                aria-invalid="false"
                aria-required="false"
                class="mat-input-element mat-form-field-autofill-control ng-untouched ng-pristine ng-valid cdk-text-field-autofill-monitored"
                data-placeholder="Full Name"
                formcontrolname="name"
                matinput=""
                name="name"
                placeholder="Full Name"
              />
              <span
                class="mat-form-field-label-wrapper"
              >
                
              </span>
            </div>
            
          </div>
          
          <div
            class="mat-form-field-subscript-wrapper"
          >
            
            <div
              class="mat-form-field-hint-wrapper ng-trigger ng-trigger-transitionMessages"
              style="opacity:1;transform:translateY(0%);0:opacity;1:transform;"
            >
              
              <div
                class="mat-form-field-hint-spacer"
              />
            </div>
            
          </div>
        </div>
      </mat-form-field>
    </div>
    <div
      class="flex flex-col"
      field=""
    >
      <label
        form="email"
      >
        Email
      </label>
      <mat-form-field
        appearance="outline"
        class="mat-form-field mat-primary mat-form-field-type-mat-input mat-form-field-appearance-outline mat-form-field-can-float ng-untouched ng-pristine ng-invalid _mat-animation-noopable"
      >
        <div
          class="mat-form-field-wrapper"
        >
          <div
            class="mat-form-field-flex"
          >
            <div
              class="mat-form-field-outline"
            >
              <div
                class="mat-form-field-outline-start"
              />
              <div
                class="mat-form-field-outline-gap"
              />
              <div
                class="mat-form-field-outline-end"
              />
            </div>
            <div
              class="mat-form-field-outline mat-form-field-outline-thick"
            >
              <div
                class="mat-form-field-outline-start"
              />
              <div
                class="mat-form-field-outline-gap"
              />
              <div
                class="mat-form-field-outline-end"
              />
            </div>
            
            
            
            <div
              class="mat-form-field-infix"
            >
              <input
                aria-invalid="false"
                aria-required="false"
                class="mat-input-element mat-form-field-autofill-control ng-untouched ng-pristine ng-invalid cdk-text-field-autofill-monitored"
                data-placeholder="Email Address"
                formcontrolname="email"
                matinput=""
                name="email"
                placeholder="Email Address"
              />
              <span
                class="mat-form-field-label-wrapper"
              >
                
              </span>
            </div>
            
          </div>
          
          <div
            class="mat-form-field-subscript-wrapper"
          >
            
            <div
              class="mat-form-field-hint-wrapper ng-trigger ng-trigger-transitionMessages"
              style="opacity:1;transform:translateY(0%);0:opacity;1:transform;"
            >
              
              <div
                class="mat-form-field-hint-spacer"
              />
            </div>
            
          </div>
        </div>
      </mat-form-field>
    </div>
    <div
      class="flex flex-col"
      field=""
    >
      <label
        form="email"
      >
        Phone Number
      </label>
      <mat-form-field
        appearance="outline"
        class="mat-form-field mat-primary mat-form-field-type-mat-input mat-form-field-appearance-outline mat-form-field-can-float ng-untouched ng-pristine ng-valid _mat-animation-noopable"
      >
        <div
          class="mat-form-field-wrapper"
        >
          <div
            class="mat-form-field-flex"
          >
            <div
              class="mat-form-field-outline"
            >
              <div
                class="mat-form-field-outline-start"
              />
              <div
                class="mat-form-field-outline-gap"
              />
              <div
                class="mat-form-field-outline-end"
              />
            </div>
            <div
              class="mat-form-field-outline mat-form-field-outline-thick"
            >
              <div
                class="mat-form-field-outline-start"
              />
              <div
                class="mat-form-field-outline-gap"
              />
              <div
                class="mat-form-field-outline-end"
              />
            </div>
            
            
            
            <div
              class="mat-form-field-infix"
            >
              <input
                aria-invalid="false"
                aria-required="false"
                class="mat-input-element mat-form-field-autofill-control ng-untouched ng-pristine ng-valid cdk-text-field-autofill-monitored"
                data-placeholder="Phone Number"
                formcontrolname="phone"
                matinput=""
                name="phone"
                placeholder="Phone Number"
                type="tel"
              />
              <span
                class="mat-form-field-label-wrapper"
              >
                
              </span>
            </div>
            
          </div>
          
          <div
            class="mat-form-field-subscript-wrapper"
          >
            
            <div
              class="mat-form-field-hint-wrapper ng-trigger ng-trigger-transitionMessages"
              style="opacity:1;transform:translateY(0%);0:opacity;1:transform;"
            >
              
              <div
                class="mat-form-field-hint-spacer"
              />
            </div>
            
          </div>
        </div>
      </mat-form-field>
    </div>
    <div
      class="flex flex-col"
      field=""
    >
      <label
        form="email"
      >
        Organisation / Company
      </label>
      <mat-form-field
        appearance="outline"
        class="mat-form-field mat-primary mat-form-field-type-mat-input mat-form-field-appearance-outline mat-form-field-can-float ng-untouched ng-pristine ng-valid _mat-animation-noopable"
      >
        <div
          class="mat-form-field-wrapper"
        >
          <div
            class="mat-form-field-flex"
          >
            <div
              class="mat-form-field-outline"
            >
              <div
                class="mat-form-field-outline-start"
              />
              <div
                class="mat-form-field-outline-gap"
              />
              <div
                class="mat-form-field-outline-end"
              />
            </div>
            <div
              class="mat-form-field-outline mat-form-field-outline-thick"
            >
              <div
                class="mat-form-field-outline-start"
              />
              <div
                class="mat-form-field-outline-gap"
              />
              <div
                class="mat-form-field-outline-end"
              />
            </div>
            
            
            
            <div
              class="mat-form-field-infix"
            >
              <input
                aria-invalid="false"
                aria-required="false"
                class="mat-input-element mat-form-field-autofill-control ng-untouched ng-pristine ng-valid cdk-text-field-autofill-monitored"
                data-placeholder="Organisation / Company"
                formcontrolname="phone"
                matinput=""
                name="phone"
                placeholder="Organisation / Company"
                type="tel"
              />
              <span
                class="mat-form-field-label-wrapper"
              >
                
              </span>
            </div>
            
          </div>
          
          <div
            class="mat-form-field-subscript-wrapper"
          >
            
            <div
              class="mat-form-field-hint-wrapper ng-trigger ng-trigger-transitionMessages"
              style="opacity:1;transform:translateY(0%);0:opacity;1:transform;"
            >
              
              <div
                class="mat-form-field-hint-spacer"
              />
            </div>
            
          </div>
        </div>
      </mat-form-field>
    </div>
    <button
      mat-button=""
      next=""
    >
      Next
    </button>
    <a
      class="absolute top-0 right-0"
      mat-icon-button=""
    >
      <app-icon>
        close
      </app-icon>
    </a>
  </form>
  
  
</div>
`;
