// Jest Snapshot v1, https://goo.gl/fbAQLP

exports[`HelpComponent should match snapshot 1`] = `
<div
  id="root1"
>
  <topbar />
  <div
    class="flex-1 flex sm:flex-row flex-col-reverse h-1/2"
  >
    <nav-menu
      class="relative z-10"
    />
    <main
      class="relative z-0 flex flex-col flex-1 h-1/2 sm:h-auto overflow-hidden"
    >
      <a-help-option-list
        class="h-full"
      />
    </main>
  </div>
</div>
`;
