// Jest Snapshot v1, https://goo.gl/fbAQLP

exports[`TakePhotoComponent should match snapshot 1`] = `
<div
  id="root1"
>
  <div
    class="flex flex-col items-center justify-center rounded overflow-hidden relative"
    name="camera"
  >
    <mat-spinner
      class="mat-spinner mat-progress-spinner mat-primary mat-progress-spinner-indeterminate-animation _mat-animation-noopable"
      diameter="32"
      mode="indeterminate"
      role="progressbar"
      style="width: 32px; height: 32px;"
    >
      <svg
        aria-hidden="true"
        focusable="false"
        preserveAspectRatio="xMidYMid meet"
        style="width: 32px; height: 32px;"
        viewBox="0 0 25.2 25.2"
      >
        <circle
          cx="50%"
          cy="50%"
          r="11"
          style="animation-name: mat-progress-spinner-stroke-rotate-32; stroke-dasharray: 69.11503837897544px; stroke-width: 10%;"
        />
        
        
      </svg>
    </mat-spinner>
    <div
      class="text"
    >
      Please wait...
    </div>
    <video
      autoplay=""
      class="absolute inset-0"
      height="400"
      id="video"
      width="360"
    />
    <canvas
      class="absolute inset-0"
      height="400"
      id="canvas"
      width="360"
    />
  </div>
  <div
    class="flex items-center justify-center mt-4 space-x-2"
  >
    <button
      class="take-photo"
      mat-button=""
    >
       Take Photo 
    </button>
    
  </div>
  
</div>
`;
